
Welcome to .NET 10.0!
---------------------
SDK Version: 10.0.100

Telemetry
---------
The .NET tools collect usage data in order to help us improve your experience. It is collected by Microsoft and shared with the community. You can opt-out of telemetry by setting the DOTNET_CLI_TELEMETRY_OPTOUT environment variable to '1' or 'true' using your favorite shell.

Read more about .NET CLI Tools telemetry: https://aka.ms/dotnet-cli-telemetry

----------------
Installed an ASP.NET Core HTTPS development certificate.
To trust the certificate, run 'dotnet dev-certs https --trust'
Learn about HTTPS: https://aka.ms/dotnet-https

----------------
Write your first app: https://aka.ms/dotnet-hello-world
Find out what's new: https://aka.ms/dotnet-whats-new
Explore documentation: https://aka.ms/dotnet-docs
Report issues and find source on GitHub: https://github.com/dotnet/core
Use 'dotnet --help' to see available commands or visit: https://aka.ms/dotnet-cli
--------------------------------------------------------------------------------------
  Determining projects to restore...
  Restored /workspace/scratch/0410636291eb/work/GnomeAI-RS/ui/GnomeAI.Client/GnomeAI.Client.csproj (in 80 ms).
  Restored /workspace/scratch/0410636291eb/work/GnomeAI-RS/ui/GnomeAI.UI/GnomeAI.UI.csproj (in 59.48 sec).
  GnomeAI.Client -> /workspace/scratch/0410636291eb/work/GnomeAI-RS/ui/GnomeAI.Client/bin/Release/net10.0/GnomeAI.Client.dll
  GnomeAI.UI -> /workspace/scratch/0410636291eb/work/GnomeAI-RS/ui/GnomeAI.UI/bin/Release/net10.0/GnomeAI.UI.dll

Build succeeded.
    0 Warning(s)
    0 Error(s)

Time Elapsed 00:01:06.15
